// Jest Snapshot v1, https://goo.gl/fbAQLP

exports[`MovieCard Should render component 1`] = `
<DocumentFragment>
  <div
    class="flex flex-col items-start border rounded w-full h-full my-4 h-auto md:h-32"
  >
    <div
      class="flex flex-col md:flex-row justify-between items-center w-full"
    >
      <div
        class="flex w-full md:w-1/2"
      >
        <img
          alt="Sherlock Holmes"
          class="w-20 h-32 object-cover"
          src="https://m.media-amazon.com/images/M/MV5BNzg4MjQxNTQtZmI5My00YjMwLWJlMjUtMmJlY2U2ZWFlNzY1XkEyXkFqcGdeQXVyODk4OTc3MTY@._V1_SX300.jpg"
        />
        <div
          class="flex flex-col pl-7 pt-6"
        >
          <h2
            class="font-bold text-lg text-blue-800"
          >
            Sherlock Holmes
          </h2>
          <div
            class="text-blue-700 font-light text-sm pt-2"
          >
            movie
          </div>
          <div
            class="text-blue-600 font-light text-xs pt-2"
          >
            2018
          </div>
        </div>
      </div>
      <div
        class="w-64 flex items-center justify-center p-4"
      >
        <div
          class="mx-2"
        >
          <div />
        </div>
        <div
          class="text-lg font-medium text-blue-700 pl-4"
        >
          5.8 k
        </div>
        <div
          class="ml-8"
        >
          <div />
        </div>
        <div
          class="text-lg font-medium text-blue-700 pl-4 "
        >
          4.30
        </div>
      </div>
      <button
        class="text-blue-900 font-bold text-lg mr-6"
        data-testid="collapse"
      >
        +
      </button>
    </div>
  </div>
</DocumentFragment>
`;
